
> parcel-jest-base@1.0.0 test
> node --experimental-vm-modules node_modules/jest/bin/jest.js Surtidores/presenter.test.js

node.exe : 
(node:8016) 
ExperimentalWarning: 
VM Modules is an 
experimental feature 
and might change at 
any time
En línea: 1 Carácter: 
1
+ & "C:\Program Files\
nodejs/node.exe" 
"C:\Program 
Files\nodejs/node_mo 
...
+ ~~~~~~~~~~~~~~~~~~~~
~~~~~~~~~~~~~~~~~~~~~~
~~~~~~~~~~~~~~~~~~~~~~
~~~~~
    + CategoryInfo    
          : NotSpeci  
  fied: ((node:8016   
 ) Exp...nge at an    
y time:String) []    
, RemoteException
    + FullyQualifiedE 
   rrorId : NativeCo  
  mmandError
 
(Use `node 
--trace-warnings ...` 
to show where the 
warning was created)
FAIL Surtidores/presen
ter.test.js
  ├ù CP5: estaci├│n 
no encontrada ΓåÆ no 
se modifica el DOM
  ├ù CP6: clic en 
ticket con estado 
Agotado ΓåÆ muestra 
alerta y no redirige
  ├ù CP7: clic en 
ticket con estado 
disponible ΓåÆ genera 
ticket y redirige (1 
ms)
  FULL presenter 
coverage
    ├ù ejecuta TODO 
presenter (1 ms)

  ΓùÅ FULL presenter 
coverage ΓÇ║ ejecuta 
TODO presenter

    ReferenceError: 
jest is not defined

    [0m [90m 51 
|[39m [90m// Mock 
de alert y 
location[39m
     [90m 52 |[39m 
beforeAll(() 
[33m=>[39m {
    [31m[1m>[22m[3
9m[90m 53 |[39m   gl
obal[33m.[39malert 
[33m=[39m jest[33m.
[39mfn()[33m;[39m
     [90m    |[39m  
                
[31m[1m^[22m[39m
     [90m 54 |[39m  
 [36mdelete[39m glob
al[33m.[39mlocation
[33m;[39m
     [90m 55 |[39m  
 global[33m.[39mloca
tion [33m=[39m { 
href[33m:[39m 
[32m''[39m 
}[33m;[39m
     [90m 56 |[39m 
})[33m;[39m[0m

      at 
Object.<anonymous> (Su
rtidores/presenter.tes
t.js:53:18)

  ΓùÅ CP5: estaci├│n 
no encontrada ΓåÆ no 
se modifica el DOM

    ReferenceError: 
jest is not defined

    [0m [90m 51 
|[39m [90m// Mock 
de alert y 
location[39m
     [90m 52 |[39m 
beforeAll(() 
[33m=>[39m {
    [31m[1m>[22m[3
9m[90m 53 |[39m   gl
obal[33m.[39malert 
[33m=[39m jest[33m.
[39mfn()[33m;[39m
     [90m    |[39m  
                
[31m[1m^[22m[39m
     [90m 54 |[39m  
 [36mdelete[39m glob
al[33m.[39mlocation
[33m;[39m
     [90m 55 |[39m  
 global[33m.[39mloca
tion [33m=[39m { 
href[33m:[39m 
[32m''[39m 
}[33m;[39m
     [90m 56 |[39m 
})[33m;[39m[0m

      at 
Object.<anonymous> (Su
rtidores/presenter.tes
t.js:53:18)

  ΓùÅ CP6: clic en 
ticket con estado 
Agotado ΓåÆ muestra 
alerta y no redirige

    ReferenceError: 
jest is not defined

    [0m [90m 51 
|[39m [90m// Mock 
de alert y 
location[39m
     [90m 52 |[39m 
beforeAll(() 
[33m=>[39m {
    [31m[1m>[22m[3
9m[90m 53 |[39m   gl
obal[33m.[39malert 
[33m=[39m jest[33m.
[39mfn()[33m;[39m
     [90m    |[39m  
                
[31m[1m^[22m[39m
     [90m 54 |[39m  
 [36mdelete[39m glob
al[33m.[39mlocation
[33m;[39m
     [90m 55 |[39m  
 global[33m.[39mloca
tion [33m=[39m { 
href[33m:[39m 
[32m''[39m 
}[33m;[39m
     [90m 56 |[39m 
})[33m;[39m[0m

      at 
Object.<anonymous> (Su
rtidores/presenter.tes
t.js:53:18)

  ΓùÅ CP7: clic en 
ticket con estado 
disponible ΓåÆ genera 
ticket y redirige

    ReferenceError: 
jest is not defined

    [0m [90m 51 
|[39m [90m// Mock 
de alert y 
location[39m
     [90m 52 |[39m 
beforeAll(() 
[33m=>[39m {
    [31m[1m>[22m[3
9m[90m 53 |[39m   gl
obal[33m.[39malert 
[33m=[39m jest[33m.
[39mfn()[33m;[39m
     [90m    |[39m  
                
[31m[1m^[22m[39m
     [90m 54 |[39m  
 [36mdelete[39m glob
al[33m.[39mlocation
[33m;[39m
     [90m 55 |[39m  
 global[33m.[39mloca
tion [33m=[39m { 
href[33m:[39m 
[32m''[39m 
}[33m;[39m
     [90m 56 |[39m 
})[33m;[39m[0m

      at 
Object.<anonymous> (Su
rtidores/presenter.tes
t.js:53:18)

-----------------------------------------|---------|----------|---------|---------|-------------------
File                                     | % Stmts | % Branch | % Funcs | % Lines | Uncovered Line #s 
-----------------------------------------|---------|----------|---------|---------|-------------------
All files                                |    9.09 |      100 |       0 |      10 |                   
 Calidad_Practica_1_SonarQube            |     100 |      100 |     100 |     100 |                   
  estaciones.js                          |     100 |      100 |     100 |     100 |                   
 Calidad_Practica_1_SonarQube/Surtidores |       0 |      100 |       0 |       0 |                   
  ticket.js                              |       0 |      100 |       0 |       0 | 2-19              
-----------------------------------------|---------|----------|---------|---------|-------------------
Test Suites: 1 
failed, 1 total
Tests:       4 
failed, 4 total
Snapshots:   0 total
Time:        1.173 s
Ran all test suites 
matching /Surtidores\\
presenter.test.js/i.
